
Allocating common symbols
Common symbol       size              file

AlgStep             0x2               ..\obj\led_examples.o
i                   0x4               ..\obj\main.o
AlgStep3            0x2               ..\obj\led_examples.o
ws2812_buff         0x168             ..\obj\ws2812.o
AlgStep2            0x2               ..\obj\led_examples.o
DMA_buf             0x16e0            ..\obj\ws2812.o

Discarded input sections

 .text          0x00000000        0x0 ..\obj\stm32f10x_rtc.o
 .data          0x00000000        0x0 ..\obj\stm32f10x_rtc.o
 .bss           0x00000000        0x0 ..\obj\stm32f10x_rtc.o
 .text.RTC_ITConfig
                0x00000000       0x4c ..\obj\stm32f10x_rtc.o
 .text.RTC_EnterConfigMode
                0x00000000       0x20 ..\obj\stm32f10x_rtc.o
 .text.RTC_ExitConfigMode
                0x00000000       0x20 ..\obj\stm32f10x_rtc.o
 .text.RTC_GetCounter
                0x00000000       0x2c ..\obj\stm32f10x_rtc.o
 .text.RTC_SetCounter
                0x00000000       0x30 ..\obj\stm32f10x_rtc.o
 .text.RTC_SetPrescaler
                0x00000000       0x34 ..\obj\stm32f10x_rtc.o
 .text.RTC_SetAlarm
                0x00000000       0x30 ..\obj\stm32f10x_rtc.o
 .text.RTC_GetDivider
                0x00000000       0x38 ..\obj\stm32f10x_rtc.o
 .text.RTC_WaitForLastTask
                0x00000000       0x20 ..\obj\stm32f10x_rtc.o
 .text.RTC_WaitForSynchro
                0x00000000       0x30 ..\obj\stm32f10x_rtc.o
 .text.RTC_GetFlagStatus
                0x00000000       0x38 ..\obj\stm32f10x_rtc.o
 .text.RTC_ClearFlag
                0x00000000       0x2c ..\obj\stm32f10x_rtc.o
 .text.RTC_GetITStatus
                0x00000000       0x50 ..\obj\stm32f10x_rtc.o
 .text.RTC_ClearITPendingBit
                0x00000000       0x2c ..\obj\stm32f10x_rtc.o
 .debug_info    0x00000000      0x46a ..\obj\stm32f10x_rtc.o
 .debug_abbrev  0x00000000      0x1c8 ..\obj\stm32f10x_rtc.o
 .debug_aranges
                0x00000000       0x88 ..\obj\stm32f10x_rtc.o
 .debug_ranges  0x00000000       0x78 ..\obj\stm32f10x_rtc.o
 .debug_line    0x00000000      0x3d9 ..\obj\stm32f10x_rtc.o
 .debug_str     0x00000000      0x3ec ..\obj\stm32f10x_rtc.o
 .comment       0x00000000       0x76 ..\obj\stm32f10x_rtc.o
 .debug_frame   0x00000000      0x214 ..\obj\stm32f10x_rtc.o
 .ARM.attributes
                0x00000000       0x2d ..\obj\stm32f10x_rtc.o
 .text          0x00000000        0x0 ..\obj\delay.o
 .data          0x00000000        0x0 ..\obj\delay.o
 .bss           0x00000000        0x0 ..\obj\delay.o
 .text          0x00000000        0x0 ..\obj\stm32f10x_tim.o
 .data          0x00000000        0x0 ..\obj\stm32f10x_tim.o
 .bss           0x00000000        0x0 ..\obj\stm32f10x_tim.o
 .text.TIM_DeInit
                0x00000000      0x10c ..\obj\stm32f10x_tim.o
 .text.TIM_OC1Init
                0x00000000       0xf8 ..\obj\stm32f10x_tim.o
 .text.TIM_OC2Init
                0x00000000      0x114 ..\obj\stm32f10x_tim.o
 .text.TIM_OC4Init
                0x00000000       0xcc ..\obj\stm32f10x_tim.o
 .text.TIM_ICInit
                0x00000000       0xa8 ..\obj\stm32f10x_tim.o
 .text.TIM_PWMIConfig
                0x00000000       0xb8 ..\obj\stm32f10x_tim.o
 .text.TIM_BDTRConfig
                0x00000000       0x4e ..\obj\stm32f10x_tim.o
 .text.TIM_TimeBaseStructInit
                0x00000000       0x32 ..\obj\stm32f10x_tim.o
 .text.TIM_OCStructInit
                0x00000000       0x42 ..\obj\stm32f10x_tim.o
 .text.TIM_ICStructInit
                0x00000000       0x30 ..\obj\stm32f10x_tim.o
 .text.TIM_BDTRStructInit
                0x00000000       0x3c ..\obj\stm32f10x_tim.o
 .text.TIM_CtrlPWMOutputs
                0x00000000       0x4a ..\obj\stm32f10x_tim.o
 .text.TIM_ITConfig
                0x00000000       0x46 ..\obj\stm32f10x_tim.o
 .text.TIM_GenerateEvent
                0x00000000       0x1c ..\obj\stm32f10x_tim.o
 .text.TIM_DMAConfig
                0x00000000       0x28 ..\obj\stm32f10x_tim.o
 .text.TIM_InternalClockConfig
                0x00000000       0x22 ..\obj\stm32f10x_tim.o
 .text.TIM_ITRxExternalClockConfig
                0x00000000       0x2e ..\obj\stm32f10x_tim.o
 .text.TIM_TIxExternalClockConfig
                0x00000000       0x5c ..\obj\stm32f10x_tim.o
 .text.TIM_ETRClockMode1Config
                0x00000000       0x5e ..\obj\stm32f10x_tim.o
 .text.TIM_ETRClockMode2Config
                0x00000000       0x3e ..\obj\stm32f10x_tim.o
 .text.TIM_ETRConfig
                0x00000000       0x52 ..\obj\stm32f10x_tim.o
 .text.TIM_PrescalerConfig
                0x00000000       0x26 ..\obj\stm32f10x_tim.o
 .text.TIM_CounterModeConfig
                0x00000000       0x3a ..\obj\stm32f10x_tim.o
 .text.TIM_SelectInputTrigger
                0x00000000       0x36 ..\obj\stm32f10x_tim.o
 .text.TIM_EncoderInterfaceConfig
                0x00000000       0x96 ..\obj\stm32f10x_tim.o
 .text.TIM_ForcedOC1Config
                0x00000000       0x36 ..\obj\stm32f10x_tim.o
 .text.TIM_ForcedOC2Config
                0x00000000       0x3a ..\obj\stm32f10x_tim.o
 .text.TIM_ForcedOC3Config
                0x00000000       0x36 ..\obj\stm32f10x_tim.o
 .text.TIM_ForcedOC4Config
                0x00000000       0x3a ..\obj\stm32f10x_tim.o
 .text.TIM_SelectCOM
                0x00000000       0x3e ..\obj\stm32f10x_tim.o
 .text.TIM_SelectCCDMA
                0x00000000       0x3e ..\obj\stm32f10x_tim.o
 .text.TIM_CCPreloadControl
                0x00000000       0x3e ..\obj\stm32f10x_tim.o
 .text.TIM_OC1PreloadConfig
                0x00000000       0x36 ..\obj\stm32f10x_tim.o
 .text.TIM_OC2PreloadConfig
                0x00000000       0x3a ..\obj\stm32f10x_tim.o
 .text.TIM_OC4PreloadConfig
                0x00000000       0x3a ..\obj\stm32f10x_tim.o
 .text.TIM_OC1FastConfig
                0x00000000       0x36 ..\obj\stm32f10x_tim.o
 .text.TIM_OC2FastConfig
                0x00000000       0x3a ..\obj\stm32f10x_tim.o
 .text.TIM_OC3FastConfig
                0x00000000       0x36 ..\obj\stm32f10x_tim.o
 .text.TIM_OC4FastConfig
                0x00000000       0x3a ..\obj\stm32f10x_tim.o
 .text.TIM_ClearOC1Ref
                0x00000000       0x36 ..\obj\stm32f10x_tim.o
 .text.TIM_ClearOC2Ref
                0x00000000       0x3a ..\obj\stm32f10x_tim.o
 .text.TIM_ClearOC3Ref
                0x00000000       0x36 ..\obj\stm32f10x_tim.o
 .text.TIM_ClearOC4Ref
                0x00000000       0x3a ..\obj\stm32f10x_tim.o
 .text.TIM_OC1PolarityConfig
                0x00000000       0x36 ..\obj\stm32f10x_tim.o
 .text.TIM_OC1NPolarityConfig
                0x00000000       0x36 ..\obj\stm32f10x_tim.o
 .text.TIM_OC2PolarityConfig
                0x00000000       0x3a ..\obj\stm32f10x_tim.o
 .text.TIM_OC2NPolarityConfig
                0x00000000       0x3a ..\obj\stm32f10x_tim.o
 .text.TIM_OC3PolarityConfig
                0x00000000       0x3a ..\obj\stm32f10x_tim.o
 .text.TIM_OC3NPolarityConfig
                0x00000000       0x3a ..\obj\stm32f10x_tim.o
 .text.TIM_OC4PolarityConfig
                0x00000000       0x3a ..\obj\stm32f10x_tim.o
 .text.TIM_CCxCmd
                0x00000000       0x4e ..\obj\stm32f10x_tim.o
 .text.TIM_CCxNCmd
                0x00000000       0x4e ..\obj\stm32f10x_tim.o
 .text.TIM_SelectOCxM
                0x00000000       0xf2 ..\obj\stm32f10x_tim.o
 .text.TIM_UpdateDisableConfig
                0x00000000       0x40 ..\obj\stm32f10x_tim.o
 .text.TIM_UpdateRequestConfig
                0x00000000       0x40 ..\obj\stm32f10x_tim.o
 .text.TIM_SelectHallSensor
                0x00000000       0x3e ..\obj\stm32f10x_tim.o
 .text.TIM_SelectOnePulseMode
                0x00000000       0x38 ..\obj\stm32f10x_tim.o
 .text.TIM_SelectOutputTrigger
                0x00000000       0x36 ..\obj\stm32f10x_tim.o
 .text.TIM_SelectSlaveMode
                0x00000000       0x36 ..\obj\stm32f10x_tim.o
 .text.TIM_SelectMasterSlaveMode
                0x00000000       0x36 ..\obj\stm32f10x_tim.o
 .text.TIM_SetAutoreload
                0x00000000       0x1c ..\obj\stm32f10x_tim.o
 .text.TIM_SetCompare1
                0x00000000       0x1c ..\obj\stm32f10x_tim.o
 .text.TIM_SetCompare2
                0x00000000       0x1c ..\obj\stm32f10x_tim.o
 .text.TIM_SetCompare3
                0x00000000       0x1c ..\obj\stm32f10x_tim.o
 .text.TIM_SetCompare4
                0x00000000       0x1e ..\obj\stm32f10x_tim.o
 .text.TIM_SetIC1Prescaler
                0x00000000       0x36 ..\obj\stm32f10x_tim.o
 .text.TIM_SetIC2Prescaler
                0x00000000       0x3a ..\obj\stm32f10x_tim.o
 .text.TIM_SetIC3Prescaler
                0x00000000       0x36 ..\obj\stm32f10x_tim.o
 .text.TIM_SetIC4Prescaler
                0x00000000       0x3a ..\obj\stm32f10x_tim.o
 .text.TIM_SetClockDivision
                0x00000000       0x34 ..\obj\stm32f10x_tim.o
 .text.TIM_GetCapture1
                0x00000000       0x18 ..\obj\stm32f10x_tim.o
 .text.TIM_GetCapture2
                0x00000000       0x18 ..\obj\stm32f10x_tim.o
 .text.TIM_GetCapture3
                0x00000000       0x18 ..\obj\stm32f10x_tim.o
 .text.TIM_GetCapture4
                0x00000000       0x1a ..\obj\stm32f10x_tim.o
 .text.TIM_GetCounter
                0x00000000       0x18 ..\obj\stm32f10x_tim.o
 .text.TIM_GetPrescaler
                0x00000000       0x18 ..\obj\stm32f10x_tim.o
 .text.TIM_GetFlagStatus
                0x00000000       0x36 ..\obj\stm32f10x_tim.o
 .text.TIM_ClearFlag
                0x00000000       0x20 ..\obj\stm32f10x_tim.o
 .text.TIM_GetITStatus
                0x00000000       0x52 ..\obj\stm32f10x_tim.o
 .text.TIM_ClearITPendingBit
                0x00000000       0x20 ..\obj\stm32f10x_tim.o
 .text.TI1_Config
                0x00000000       0x84 ..\obj\stm32f10x_tim.o
 .text.TI2_Config
                0x00000000       0x98 ..\obj\stm32f10x_tim.o
 .text.TI3_Config
                0x00000000       0x8e ..\obj\stm32f10x_tim.o
 .text.TI4_Config
                0x00000000       0x96 ..\obj\stm32f10x_tim.o
 .text          0x00000000        0x0 ..\obj\ws2812.o
 .data          0x00000000        0x0 ..\obj\ws2812.o
 .bss           0x00000000        0x0 ..\obj\ws2812.o
 .text.ws2812_fade_in_all
                0x00000000       0x5c ..\obj\ws2812.o
 .text          0x00000000        0x0 ..\obj\stm32f10x_dbgmcu.o
 .data          0x00000000        0x0 ..\obj\stm32f10x_dbgmcu.o
 .bss           0x00000000        0x0 ..\obj\stm32f10x_dbgmcu.o
 .text.DBGMCU_GetREVID
                0x00000000       0x18 ..\obj\stm32f10x_dbgmcu.o
 .text.DBGMCU_GetDEVID
                0x00000000       0x18 ..\obj\stm32f10x_dbgmcu.o
 .text.DBGMCU_Config
                0x00000000       0x3c ..\obj\stm32f10x_dbgmcu.o
 .debug_info    0x00000000      0x17c ..\obj\stm32f10x_dbgmcu.o
 .debug_abbrev  0x00000000      0x10b ..\obj\stm32f10x_dbgmcu.o
 .debug_aranges
                0x00000000       0x30 ..\obj\stm32f10x_dbgmcu.o
 .debug_ranges  0x00000000       0x20 ..\obj\stm32f10x_dbgmcu.o
 .debug_line    0x00000000      0x219 ..\obj\stm32f10x_dbgmcu.o
 .debug_str     0x00000000      0x24e ..\obj\stm32f10x_dbgmcu.o
 .comment       0x00000000       0x76 ..\obj\stm32f10x_dbgmcu.o
 .debug_frame   0x00000000       0x78 ..\obj\stm32f10x_dbgmcu.o
 .ARM.attributes
                0x00000000       0x2d ..\obj\stm32f10x_dbgmcu.o
 .text          0x00000000        0x0 ..\obj\system_stm32f10x.o
 .data          0x00000000       0x14 ..\obj\system_stm32f10x.o
 .bss           0x00000000        0x0 ..\obj\system_stm32f10x.o
 .text.SystemCoreClockUpdate
                0x00000000       0xdc ..\obj\system_stm32f10x.o
 .text          0x00000000        0x0 ..\obj\stm32f10x_fsmc.o
 .data          0x00000000        0x0 ..\obj\stm32f10x_fsmc.o
 .bss           0x00000000        0x0 ..\obj\stm32f10x_fsmc.o
 .text.FSMC_NORSRAMDeInit
                0x00000000       0x58 ..\obj\stm32f10x_fsmc.o
 .text.FSMC_NANDDeInit
                0x00000000       0x5c ..\obj\stm32f10x_fsmc.o
 .text.FSMC_PCCARDDeInit
                0x00000000       0x34 ..\obj\stm32f10x_fsmc.o
 .text.FSMC_NORSRAMInit
                0x00000000      0x134 ..\obj\stm32f10x_fsmc.o
 .text.FSMC_NANDInit
                0x00000000       0xcc ..\obj\stm32f10x_fsmc.o
 .text.FSMC_PCCARDInit
                0x00000000       0xac ..\obj\stm32f10x_fsmc.o
 .text.FSMC_NORSRAMStructInit
                0x00000000       0xce ..\obj\stm32f10x_fsmc.o
 .text.FSMC_NANDStructInit
                0x00000000       0x7c ..\obj\stm32f10x_fsmc.o
 .text.FSMC_PCCARDStructInit
                0x00000000       0x84 ..\obj\stm32f10x_fsmc.o
 .text.FSMC_NORSRAMCmd
                0x00000000       0x54 ..\obj\stm32f10x_fsmc.o
 .text.FSMC_NANDCmd
                0x00000000       0x6c ..\obj\stm32f10x_fsmc.o
 .text.FSMC_PCCARDCmd
                0x00000000       0x3c ..\obj\stm32f10x_fsmc.o
 .text.FSMC_NANDECCCmd
                0x00000000       0x6c ..\obj\stm32f10x_fsmc.o
 .text.FSMC_GetECC
                0x00000000       0x34 ..\obj\stm32f10x_fsmc.o
 .text.FSMC_ITConfig
                0x00000000       0xa0 ..\obj\stm32f10x_fsmc.o
 .text.FSMC_GetFlagStatus
                0x00000000       0x64 ..\obj\stm32f10x_fsmc.o
 .text.FSMC_ClearFlag
                0x00000000       0x5c ..\obj\stm32f10x_fsmc.o
 .text.FSMC_GetITStatus
                0x00000000       0x80 ..\obj\stm32f10x_fsmc.o
 .text.FSMC_ClearITPendingBit
                0x00000000       0x64 ..\obj\stm32f10x_fsmc.o
 .debug_info    0x00000000      0x98a ..\obj\stm32f10x_fsmc.o
 .debug_abbrev  0x00000000      0x1c3 ..\obj\stm32f10x_fsmc.o
 .debug_aranges
                0x00000000       0xb0 ..\obj\stm32f10x_fsmc.o
 .debug_ranges  0x00000000       0xa0 ..\obj\stm32f10x_fsmc.o
 .debug_line    0x00000000      0x934 ..\obj\stm32f10x_fsmc.o
 .debug_str     0x00000000      0x7c0 ..\obj\stm32f10x_fsmc.o
 .comment       0x00000000       0x76 ..\obj\stm32f10x_fsmc.o
 .debug_frame   0x00000000      0x300 ..\obj\stm32f10x_fsmc.o
 .ARM.attributes
                0x00000000       0x2d ..\obj\stm32f10x_fsmc.o
 .text          0x00000000        0x0 ..\obj\stm32f10x_pwr.o
 .data          0x00000000        0x0 ..\obj\stm32f10x_pwr.o
 .bss           0x00000000        0x0 ..\obj\stm32f10x_pwr.o
 .text.PWR_DeInit
                0x00000000       0x1c ..\obj\stm32f10x_pwr.o
 .text.PWR_BackupAccessCmd
                0x00000000       0x20 ..\obj\stm32f10x_pwr.o
 .text.PWR_PVDCmd
                0x00000000       0x20 ..\obj\stm32f10x_pwr.o
 .text.PWR_PVDLevelConfig
                0x00000000       0x38 ..\obj\stm32f10x_pwr.o
 .text.PWR_WakeUpPinCmd
                0x00000000       0x20 ..\obj\stm32f10x_pwr.o
 .text.PWR_EnterSTOPMode
                0x00000000       0x58 ..\obj\stm32f10x_pwr.o
 .text.PWR_EnterSTANDBYMode
                0x00000000       0x3c ..\obj\stm32f10x_pwr.o
 .text.PWR_GetFlagStatus
                0x00000000       0x34 ..\obj\stm32f10x_pwr.o
 .text.PWR_ClearFlag
                0x00000000       0x24 ..\obj\stm32f10x_pwr.o
 .debug_info    0x00000000      0x319 ..\obj\stm32f10x_pwr.o
 .debug_abbrev  0x00000000      0x1a1 ..\obj\stm32f10x_pwr.o
 .debug_aranges
                0x00000000       0x60 ..\obj\stm32f10x_pwr.o
 .debug_ranges  0x00000000       0x50 ..\obj\stm32f10x_pwr.o
 .debug_line    0x00000000      0x319 ..\obj\stm32f10x_pwr.o
 .debug_str     0x00000000      0x30c ..\obj\stm32f10x_pwr.o
 .comment       0x00000000       0x76 ..\obj\stm32f10x_pwr.o
 .debug_frame   0x00000000      0x164 ..\obj\stm32f10x_pwr.o
 .ARM.attributes
                0x00000000       0x2d ..\obj\stm32f10x_pwr.o
 .text          0x00000000        0x0 ..\obj\startup_stm32f10x_md.o
 .data          0x00000000        0x0 ..\obj\startup_stm32f10x_md.o
 .bss           0x00000000        0x0 ..\obj\startup_stm32f10x_md.o
 .text          0x00000000        0x0 ..\obj\stm32f10x_can.o
 .data          0x00000000        0x0 ..\obj\stm32f10x_can.o
 .bss           0x00000000        0x0 ..\obj\stm32f10x_can.o
 .text.CAN_DeInit
                0x00000000       0x38 ..\obj\stm32f10x_can.o
 .text.CAN_Init
                0x00000000      0x1a0 ..\obj\stm32f10x_can.o
 .text.CAN_FilterInit
                0x00000000      0x184 ..\obj\stm32f10x_can.o
 .text.CAN_StructInit
                0x00000000       0x54 ..\obj\stm32f10x_can.o
 .text.CAN_ITConfig
                0x00000000       0x3a ..\obj\stm32f10x_can.o
 .text.CAN_Transmit
                0x00000000      0x1a0 ..\obj\stm32f10x_can.o
 .text.CAN_TransmitStatus
                0x00000000      0x110 ..\obj\stm32f10x_can.o
 .text.CAN_CancelTransmit
                0x00000000       0x50 ..\obj\stm32f10x_can.o
 .text.CAN_FIFORelease
                0x00000000       0x2a ..\obj\stm32f10x_can.o
 .text.CAN_MessagePending
                0x00000000       0x48 ..\obj\stm32f10x_can.o
 .text.CAN_Receive
                0x00000000      0x162 ..\obj\stm32f10x_can.o
 .text.CAN_DBGFreeze
                0x00000000       0x36 ..\obj\stm32f10x_can.o
 .text.CAN_Sleep
                0x00000000       0x38 ..\obj\stm32f10x_can.o
 .text.CAN_WakeUp
                0x00000000       0x54 ..\obj\stm32f10x_can.o
 .text.CAN_GetFlagStatus
                0x00000000       0x30 ..\obj\stm32f10x_can.o
 .text.CAN_ClearFlag
                0x00000000       0x22 ..\obj\stm32f10x_can.o
 .text.CAN_GetITStatus
                0x00000000      0x168 ..\obj\stm32f10x_can.o
 .text.CAN_ClearITPendingBit
                0x00000000       0xf8 ..\obj\stm32f10x_can.o
 .text.CheckITStatus
                0x00000000       0x2e ..\obj\stm32f10x_can.o
 .debug_info    0x00000000      0xae0 ..\obj\stm32f10x_can.o
 .debug_abbrev  0x00000000      0x254 ..\obj\stm32f10x_can.o
 .debug_aranges
                0x00000000       0xb0 ..\obj\stm32f10x_can.o
 .debug_ranges  0x00000000       0xa0 ..\obj\stm32f10x_can.o
 .debug_line    0x00000000      0x8c8 ..\obj\stm32f10x_can.o
 .debug_str     0x00000000      0x69b ..\obj\stm32f10x_can.o
 .comment       0x00000000       0x76 ..\obj\stm32f10x_can.o
 .debug_frame   0x00000000      0x300 ..\obj\stm32f10x_can.o
 .ARM.attributes
                0x00000000       0x2d ..\obj\stm32f10x_can.o
 .text          0x00000000        0x0 ..\obj\stm32f10x_gpio.o
 .data          0x00000000        0x0 ..\obj\stm32f10x_gpio.o
 .bss           0x00000000        0x0 ..\obj\stm32f10x_gpio.o
 .text.GPIO_DeInit
                0x00000000       0xe8 ..\obj\stm32f10x_gpio.o
 .text.GPIO_AFIODeInit
                0x00000000       0x18 ..\obj\stm32f10x_gpio.o
 .text.GPIO_StructInit
                0x00000000       0x26 ..\obj\stm32f10x_gpio.o
 .text.GPIO_ReadInputDataBit
                0x00000000       0x32 ..\obj\stm32f10x_gpio.o
 .text.GPIO_ReadInputData
                0x00000000       0x18 ..\obj\stm32f10x_gpio.o
 .text.GPIO_ReadOutputDataBit
                0x00000000       0x32 ..\obj\stm32f10x_gpio.o
 .text.GPIO_ReadOutputData
                0x00000000       0x18 ..\obj\stm32f10x_gpio.o
 .text.GPIO_SetBits
                0x00000000       0x1c ..\obj\stm32f10x_gpio.o
 .text.GPIO_ResetBits
                0x00000000       0x1c ..\obj\stm32f10x_gpio.o
 .text.GPIO_WriteBit
                0x00000000       0x2e ..\obj\stm32f10x_gpio.o
 .text.GPIO_Write
                0x00000000       0x1c ..\obj\stm32f10x_gpio.o
 .text.GPIO_PinLockConfig
                0x00000000       0x42 ..\obj\stm32f10x_gpio.o
 .text.GPIO_EventOutputConfig
                0x00000000       0x4c ..\obj\stm32f10x_gpio.o
 .text.GPIO_EventOutputCmd
                0x00000000       0x20 ..\obj\stm32f10x_gpio.o
 .text.GPIO_PinRemapConfig
                0x00000000       0xc4 ..\obj\stm32f10x_gpio.o
 .text.GPIO_EXTILineConfig
                0x00000000       0x80 ..\obj\stm32f10x_gpio.o
 .text          0x00000000        0x0 ..\obj\stm32f10x_dac.o
 .data          0x00000000        0x0 ..\obj\stm32f10x_dac.o
 .bss           0x00000000        0x0 ..\obj\stm32f10x_dac.o
 .text.DAC_DeInit
                0x00000000       0x1c ..\obj\stm32f10x_dac.o
 .text.DAC_Init
                0x00000000       0x64 ..\obj\stm32f10x_dac.o
 .text.DAC_StructInit
                0x00000000       0x2a ..\obj\stm32f10x_dac.o
 .text.DAC_Cmd  0x00000000       0x48 ..\obj\stm32f10x_dac.o
 .text.DAC_DMACmd
                0x00000000       0x4c ..\obj\stm32f10x_dac.o
 .text.DAC_SoftwareTriggerCmd
                0x00000000       0x4c ..\obj\stm32f10x_dac.o
 .text.DAC_DualSoftwareTriggerCmd
                0x00000000       0x38 ..\obj\stm32f10x_dac.o
 .text.DAC_WaveGenerationCmd
                0x00000000       0x4c ..\obj\stm32f10x_dac.o
 .text.DAC_SetChannel1Data
                0x00000000       0x28 ..\obj\stm32f10x_dac.o
 .text.DAC_SetChannel2Data
                0x00000000       0x28 ..\obj\stm32f10x_dac.o
 .text.DAC_SetDualChannelData
                0x00000000       0x4c ..\obj\stm32f10x_dac.o
 .text.DAC_GetDataOutputValue
                0x00000000       0x24 ..\obj\stm32f10x_dac.o
 .debug_info    0x00000000      0x4ab ..\obj\stm32f10x_dac.o
 .debug_abbrev  0x00000000      0x19f ..\obj\stm32f10x_dac.o
 .debug_aranges
                0x00000000       0x78 ..\obj\stm32f10x_dac.o
 .debug_ranges  0x00000000       0x68 ..\obj\stm32f10x_dac.o
 .debug_line    0x00000000      0x40f ..\obj\stm32f10x_dac.o
 .debug_str     0x00000000      0x3f9 ..\obj\stm32f10x_dac.o
 .comment       0x00000000       0x76 ..\obj\stm32f10x_dac.o
 .debug_frame   0x00000000      0x1e4 ..\obj\stm32f10x_dac.o
 .ARM.attributes
                0x00000000       0x2d ..\obj\stm32f10x_dac.o
 .text          0x00000000        0x0 ..\obj\main.o
 .text          0x00000000        0x0 ..\obj\stm32f10x_crc.o
 .data          0x00000000        0x0 ..\obj\stm32f10x_crc.o
 .bss           0x00000000        0x0 ..\obj\stm32f10x_crc.o
 .text.CRC_ResetDR
                0x00000000       0x18 ..\obj\stm32f10x_crc.o
 .text.CRC_CalcCRC
                0x00000000       0x20 ..\obj\stm32f10x_crc.o
 .text.CRC_CalcBlockCRC
                0x00000000       0x44 ..\obj\stm32f10x_crc.o
 .text.CRC_GetCRC
                0x00000000       0x14 ..\obj\stm32f10x_crc.o
 .text.CRC_SetIDRegister
                0x00000000       0x20 ..\obj\stm32f10x_crc.o
 .text.CRC_GetIDRegister
                0x00000000       0x18 ..\obj\stm32f10x_crc.o
 .debug_info    0x00000000      0x22c ..\obj\stm32f10x_crc.o
 .debug_abbrev  0x00000000      0x141 ..\obj\stm32f10x_crc.o
 .debug_aranges
                0x00000000       0x48 ..\obj\stm32f10x_crc.o
 .debug_ranges  0x00000000       0x38 ..\obj\stm32f10x_crc.o
 .debug_line    0x00000000      0x288 ..\obj\stm32f10x_crc.o
 .debug_str     0x00000000      0x297 ..\obj\stm32f10x_crc.o
 .comment       0x00000000       0x76 ..\obj\stm32f10x_crc.o
 .debug_frame   0x00000000       0xe8 ..\obj\stm32f10x_crc.o
 .ARM.attributes
                0x00000000       0x2d ..\obj\stm32f10x_crc.o
 .text          0x00000000        0x0 ..\obj\stm32f10x_rcc.o
 .bss           0x00000000        0x0 ..\obj\stm32f10x_rcc.o
 .text.RCC_DeInit
                0x00000000       0x5c ..\obj\stm32f10x_rcc.o
 .text.RCC_HSEConfig
                0x00000000       0x5c ..\obj\stm32f10x_rcc.o
 .text.RCC_WaitForHSEStartUp
                0x00000000       0x50 ..\obj\stm32f10x_rcc.o
 .text.RCC_AdjustHSICalibrationValue
                0x00000000       0x3c ..\obj\stm32f10x_rcc.o
 .text.RCC_HSICmd
                0x00000000       0x20 ..\obj\stm32f10x_rcc.o
 .text.RCC_PLLConfig
                0x00000000       0x3c ..\obj\stm32f10x_rcc.o
 .text.RCC_PLLCmd
                0x00000000       0x20 ..\obj\stm32f10x_rcc.o
 .text.RCC_SYSCLKConfig
                0x00000000       0x38 ..\obj\stm32f10x_rcc.o
 .text.RCC_GetSYSCLKSource
                0x00000000       0x1c ..\obj\stm32f10x_rcc.o
 .text.RCC_HCLKConfig
                0x00000000       0x38 ..\obj\stm32f10x_rcc.o
 .text.RCC_PCLK1Config
                0x00000000       0x38 ..\obj\stm32f10x_rcc.o
 .text.RCC_PCLK2Config
                0x00000000       0x38 ..\obj\stm32f10x_rcc.o
 .text.RCC_ITConfig
                0x00000000       0x4c ..\obj\stm32f10x_rcc.o
 .text.RCC_USBCLKConfig
                0x00000000       0x1c ..\obj\stm32f10x_rcc.o
 .text.RCC_ADCCLKConfig
                0x00000000       0x38 ..\obj\stm32f10x_rcc.o
 .text.RCC_LSEConfig
                0x00000000       0x40 ..\obj\stm32f10x_rcc.o
 .text.RCC_LSICmd
                0x00000000       0x20 ..\obj\stm32f10x_rcc.o
 .text.RCC_RTCCLKConfig
                0x00000000       0x24 ..\obj\stm32f10x_rcc.o
 .text.RCC_RTCCLKCmd
                0x00000000       0x20 ..\obj\stm32f10x_rcc.o
 .text.RCC_APB2PeriphResetCmd
                0x00000000       0x3c ..\obj\stm32f10x_rcc.o
 .text.RCC_APB1PeriphResetCmd
                0x00000000       0x3c ..\obj\stm32f10x_rcc.o
 .text.RCC_BackupResetCmd
                0x00000000       0x20 ..\obj\stm32f10x_rcc.o
 .text.RCC_ClockSecuritySystemCmd
                0x00000000       0x20 ..\obj\stm32f10x_rcc.o
 .text.RCC_MCOConfig
                0x00000000       0x20 ..\obj\stm32f10x_rcc.o
 .text.RCC_GetFlagStatus
                0x00000000       0x74 ..\obj\stm32f10x_rcc.o
 .text.RCC_ClearFlag
                0x00000000       0x1c ..\obj\stm32f10x_rcc.o
 .text.RCC_GetITStatus
                0x00000000       0x34 ..\obj\stm32f10x_rcc.o
 .text.RCC_ClearITPendingBit
                0x00000000       0x20 ..\obj\stm32f10x_rcc.o
 .text          0x00000000        0x0 ..\obj\stm32f10x_exti.o
 .data          0x00000000        0x0 ..\obj\stm32f10x_exti.o
 .bss           0x00000000        0x0 ..\obj\stm32f10x_exti.o
 .text.EXTI_DeInit
                0x00000000       0x34 ..\obj\stm32f10x_exti.o
 .text.EXTI_Init
                0x00000000       0xfc ..\obj\stm32f10x_exti.o
 .text.EXTI_StructInit
                0x00000000       0x2a ..\obj\stm32f10x_exti.o
 .text.EXTI_GenerateSWInterrupt
                0x00000000       0x24 ..\obj\stm32f10x_exti.o
 .text.EXTI_GetFlagStatus
                0x00000000       0x34 ..\obj\stm32f10x_exti.o
 .text.EXTI_ClearFlag
                0x00000000       0x1c ..\obj\stm32f10x_exti.o
 .text.EXTI_GetITStatus
                0x00000000       0x48 ..\obj\stm32f10x_exti.o
 .text.EXTI_ClearITPendingBit
                0x00000000       0x1c ..\obj\stm32f10x_exti.o
 .debug_info    0x00000000      0x37e ..\obj\stm32f10x_exti.o
 .debug_abbrev  0x00000000      0x17d ..\obj\stm32f10x_exti.o
 .debug_aranges
                0x00000000       0x58 ..\obj\stm32f10x_exti.o
 .debug_ranges  0x00000000       0x48 ..\obj\stm32f10x_exti.o
 .debug_line    0x00000000      0x39b ..\obj\stm32f10x_exti.o
 .debug_str     0x00000000      0x3a5 ..\obj\stm32f10x_exti.o
 .comment       0x00000000       0x76 ..\obj\stm32f10x_exti.o
 .debug_frame   0x00000000      0x148 ..\obj\stm32f10x_exti.o
 .ARM.attributes
                0x00000000       0x2d ..\obj\stm32f10x_exti.o
 .text          0x00000000        0x0 ..\obj\stm32f10x_adc.o
 .data          0x00000000        0x0 ..\obj\stm32f10x_adc.o
 .bss           0x00000000        0x0 ..\obj\stm32f10x_adc.o
 .text.ADC_DeInit
                0x00000000       0x78 ..\obj\stm32f10x_adc.o
 .text.ADC_Init
                0x00000000       0xa8 ..\obj\stm32f10x_adc.o
 .text.ADC_StructInit
                0x00000000       0x36 ..\obj\stm32f10x_adc.o
 .text.ADC_Cmd  0x00000000       0x36 ..\obj\stm32f10x_adc.o
 .text.ADC_DMACmd
                0x00000000       0x36 ..\obj\stm32f10x_adc.o
 .text.ADC_ITConfig
                0x00000000       0x44 ..\obj\stm32f10x_adc.o
 .text.ADC_ResetCalibration
                0x00000000       0x1e ..\obj\stm32f10x_adc.o
 .text.ADC_GetResetCalibrationStatus
                0x00000000       0x2e ..\obj\stm32f10x_adc.o
 .text.ADC_StartCalibration
                0x00000000       0x1e ..\obj\stm32f10x_adc.o
 .text.ADC_GetCalibrationStatus
                0x00000000       0x2e ..\obj\stm32f10x_adc.o
 .text.ADC_SoftwareStartConvCmd
                0x00000000       0x36 ..\obj\stm32f10x_adc.o
 .text.ADC_GetSoftwareStartConvStatus
                0x00000000       0x2e ..\obj\stm32f10x_adc.o
 .text.ADC_DiscModeChannelCountConfig
                0x00000000       0x42 ..\obj\stm32f10x_adc.o
 .text.ADC_DiscModeCmd
                0x00000000       0x36 ..\obj\stm32f10x_adc.o
 .text.ADC_RegularChannelConfig
                0x00000000      0x192 ..\obj\stm32f10x_adc.o
 .text.ADC_ExternalTrigConvCmd
                0x00000000       0x36 ..\obj\stm32f10x_adc.o
 .text.ADC_GetConversionValue
                0x00000000       0x18 ..\obj\stm32f10x_adc.o
 .text.ADC_GetDualModeConversionValue
                0x00000000       0x14 ..\obj\stm32f10x_adc.o
 .text.ADC_AutoInjectedConvCmd
                0x00000000       0x36 ..\obj\stm32f10x_adc.o
 .text.ADC_InjectedDiscModeCmd
                0x00000000       0x36 ..\obj\stm32f10x_adc.o
 .text.ADC_ExternalTrigInjectedConvConfig
                0x00000000       0x34 ..\obj\stm32f10x_adc.o
 .text.ADC_ExternalTrigInjectedConvCmd
                0x00000000       0x36 ..\obj\stm32f10x_adc.o
 .text.ADC_SoftwareStartInjectedConvCmd
                0x00000000       0x36 ..\obj\stm32f10x_adc.o
 .text.ADC_GetSoftwareStartInjectedConvCmdStatus
                0x00000000       0x2e ..\obj\stm32f10x_adc.o
 .text.ADC_InjectedChannelConfig
                0x00000000      0x120 ..\obj\stm32f10x_adc.o
 .text.ADC_InjectedSequencerLengthConfig
                0x00000000       0x42 ..\obj\stm32f10x_adc.o
 .text.ADC_SetInjectedOffset
                0x00000000       0x28 ..\obj\stm32f10x_adc.o
 .text.ADC_GetInjectedConversionValue
                0x00000000       0x24 ..\obj\stm32f10x_adc.o
 .text.ADC_AnalogWatchdogCmd
                0x00000000       0x38 ..\obj\stm32f10x_adc.o
 .text.ADC_AnalogWatchdogThresholdsConfig
                0x00000000       0x26 ..\obj\stm32f10x_adc.o
 .text.ADC_AnalogWatchdogSingleChannelConfig
                0x00000000       0x36 ..\obj\stm32f10x_adc.o
 .text.ADC_TempSensorVrefintCmd
                0x00000000       0x38 ..\obj\stm32f10x_adc.o
 .text.ADC_GetFlagStatus
                0x00000000       0x32 ..\obj\stm32f10x_adc.o
 .text.ADC_ClearFlag
                0x00000000       0x1e ..\obj\stm32f10x_adc.o
 .text.ADC_GetITStatus
                0x00000000       0x54 ..\obj\stm32f10x_adc.o
 .text.ADC_ClearITPendingBit
                0x00000000       0x2a ..\obj\stm32f10x_adc.o
 .debug_info    0x00000000      0xc10 ..\obj\stm32f10x_adc.o
 .debug_abbrev  0x00000000      0x1c4 ..\obj\stm32f10x_adc.o
 .debug_aranges
                0x00000000      0x138 ..\obj\stm32f10x_adc.o
 .debug_ranges  0x00000000      0x128 ..\obj\stm32f10x_adc.o
 .debug_line    0x00000000      0x86b ..\obj\stm32f10x_adc.o
 .debug_str     0x00000000      0x757 ..\obj\stm32f10x_adc.o
 .comment       0x00000000       0x76 ..\obj\stm32f10x_adc.o
 .debug_frame   0x00000000      0x5a4 ..\obj\stm32f10x_adc.o
 .ARM.attributes
                0x00000000       0x2d ..\obj\stm32f10x_adc.o
 .text          0x00000000        0x0 ..\obj\stm32f10x_usart.o
 .data          0x00000000        0x0 ..\obj\stm32f10x_usart.o
 .bss           0x00000000        0x0 ..\obj\stm32f10x_usart.o
 .text.USART_DeInit
                0x00000000       0xc0 ..\obj\stm32f10x_usart.o
 .text.USART_StructInit
                0x00000000       0x38 ..\obj\stm32f10x_usart.o
 .text.USART_ClockInit
                0x00000000       0x56 ..\obj\stm32f10x_usart.o
 .text.USART_ClockStructInit
                0x00000000       0x2a ..\obj\stm32f10x_usart.o
 .text.USART_DMACmd
                0x00000000       0x46 ..\obj\stm32f10x_usart.o
 .text.USART_SetAddress
                0x00000000       0x38 ..\obj\stm32f10x_usart.o
 .text.USART_WakeUpConfig
                0x00000000       0x36 ..\obj\stm32f10x_usart.o
 .text.USART_ReceiverWakeUpCmd
                0x00000000       0x3e ..\obj\stm32f10x_usart.o
 .text.USART_LINBreakDetectLengthConfig
                0x00000000       0x36 ..\obj\stm32f10x_usart.o
 .text.USART_LINCmd
                0x00000000       0x3e ..\obj\stm32f10x_usart.o
 .text.USART_SendBreak
                0x00000000       0x22 ..\obj\stm32f10x_usart.o
 .text.USART_SetGuardTime
                0x00000000       0x3a ..\obj\stm32f10x_usart.o
 .text.USART_SetPrescaler
                0x00000000       0x38 ..\obj\stm32f10x_usart.o
 .text.USART_SmartCardCmd
                0x00000000       0x3e ..\obj\stm32f10x_usart.o
 .text.USART_SmartCardNACKCmd
                0x00000000       0x3e ..\obj\stm32f10x_usart.o
 .text.USART_HalfDuplexCmd
                0x00000000       0x3e ..\obj\stm32f10x_usart.o
 .text.USART_IrDAConfig
                0x00000000       0x36 ..\obj\stm32f10x_usart.o
 .text.USART_IrDACmd
                0x00000000       0x3e ..\obj\stm32f10x_usart.o
 .text.USART_ClearFlag
                0x00000000       0x20 ..\obj\stm32f10x_usart.o
 .text.USART_GetITStatus
                0x00000000       0xb4 ..\obj\stm32f10x_usart.o
 .text.USART_ClearITPendingBit
                0x00000000       0x38 ..\obj\stm32f10x_usart.o
 .text          0x00000000        0x0 ..\obj\led_examples.o
 .data          0x00000000        0x0 ..\obj\led_examples.o
 .bss           0x00000000        0x0 ..\obj\led_examples.o
 .text          0x00000000        0x0 ..\obj\main2.o
 .data          0x00000000        0x0 ..\obj\main2.o
 .bss           0x00000000        0x0 ..\obj\main2.o
 .debug_line    0x00000000        0x0 ..\obj\main2.o
 .debug_str     0x00000000       0xe3 ..\obj\main2.o
 .comment       0x00000000       0x76 ..\obj\main2.o
 .ARM.attributes
                0x00000000       0x33 ..\obj\main2.o
 .text          0x00000000        0x0 ..\obj\stm32f10x_flash.o
 .data          0x00000000        0x0 ..\obj\stm32f10x_flash.o
 .bss           0x00000000        0x0 ..\obj\stm32f10x_flash.o
 .text.FLASH_SetLatency
                0x00000000       0x38 ..\obj\stm32f10x_flash.o
 .text.FLASH_HalfCycleAccessCmd
                0x00000000       0x30 ..\obj\stm32f10x_flash.o
 .text.FLASH_PrefetchBufferCmd
                0x00000000       0x30 ..\obj\stm32f10x_flash.o
 .text.FLASH_Unlock
                0x00000000       0x24 ..\obj\stm32f10x_flash.o
 .text.FLASH_Lock
                0x00000000       0x1c ..\obj\stm32f10x_flash.o
 .text.FLASH_ErasePage
                0x00000000       0x6c ..\obj\stm32f10x_flash.o
 .text.FLASH_EraseAllPages
                0x00000000       0x64 ..\obj\stm32f10x_flash.o
 .text.FLASH_EraseOptionBytes
                0x00000000       0xc0 ..\obj\stm32f10x_flash.o
 .text.FLASH_ProgramWord
                0x00000000       0x90 ..\obj\stm32f10x_flash.o
 .text.FLASH_ProgramHalfWord
                0x00000000       0x60 ..\obj\stm32f10x_flash.o
 .text.FLASH_ProgramOptionByteData
                0x00000000       0x74 ..\obj\stm32f10x_flash.o
 .text.FLASH_EnableWriteProtection
                0x00000000      0x10c ..\obj\stm32f10x_flash.o
 .text.FLASH_ReadOutProtection
                0x00000000       0xd4 ..\obj\stm32f10x_flash.o
 .text.FLASH_UserOptionByteConfig
                0x00000000       0x90 ..\obj\stm32f10x_flash.o
 .text.FLASH_GetUserOptionByte
                0x00000000       0x18 ..\obj\stm32f10x_flash.o
 .text.FLASH_GetWriteProtectionOptionByte
                0x00000000       0x14 ..\obj\stm32f10x_flash.o
 .text.FLASH_GetReadOutProtectionStatus
                0x00000000       0x30 ..\obj\stm32f10x_flash.o
 .text.FLASH_GetPrefetchBufferStatus
                0x00000000       0x30 ..\obj\stm32f10x_flash.o
 .text.FLASH_ITConfig
                0x00000000       0x40 ..\obj\stm32f10x_flash.o
 .text.FLASH_GetFlagStatus
                0x00000000       0x54 ..\obj\stm32f10x_flash.o
 .text.FLASH_ClearFlag
                0x00000000       0x20 ..\obj\stm32f10x_flash.o
 .text.FLASH_GetStatus
                0x00000000       0x54 ..\obj\stm32f10x_flash.o
 .text.FLASH_WaitForLastOperation
                0x00000000       0x48 ..\obj\stm32f10x_flash.o
 .text.delay    0x00000000       0x26 ..\obj\stm32f10x_flash.o
 .debug_info    0x00000000      0x772 ..\obj\stm32f10x_flash.o
 .debug_abbrev  0x00000000      0x22f ..\obj\stm32f10x_flash.o
 .debug_aranges
                0x00000000       0xd8 ..\obj\stm32f10x_flash.o
 .debug_ranges  0x00000000       0xc8 ..\obj\stm32f10x_flash.o
 .debug_line    0x00000000      0x6f1 ..\obj\stm32f10x_flash.o
 .debug_str     0x00000000      0x5d3 ..\obj\stm32f10x_flash.o
 .comment       0x00000000       0x76 ..\obj\stm32f10x_flash.o
 .debug_frame   0x00000000      0x388 ..\obj\stm32f10x_flash.o
 .ARM.attributes
                0x00000000       0x2d ..\obj\stm32f10x_flash.o
 .text          0x00000000        0x0 ..\obj\stm32f10x_sdio.o
 .data          0x00000000        0x0 ..\obj\stm32f10x_sdio.o
 .bss           0x00000000        0x0 ..\obj\stm32f10x_sdio.o
 .text.SDIO_DeInit
                0x00000000       0x4c ..\obj\stm32f10x_sdio.o
 .text.SDIO_Init
                0x00000000       0x5c ..\obj\stm32f10x_sdio.o
 .text.SDIO_StructInit
                0x00000000       0x36 ..\obj\stm32f10x_sdio.o
 .text.SDIO_ClockCmd
                0x00000000       0x20 ..\obj\stm32f10x_sdio.o
 .text.SDIO_SetPowerState
                0x00000000       0x30 ..\obj\stm32f10x_sdio.o
 .text.SDIO_GetPowerState
                0x00000000       0x18 ..\obj\stm32f10x_sdio.o
 .text.SDIO_ITConfig
                0x00000000       0x3c ..\obj\stm32f10x_sdio.o
 .text.SDIO_DMACmd
                0x00000000       0x20 ..\obj\stm32f10x_sdio.o
 .text.SDIO_SendCommand
                0x00000000       0x58 ..\obj\stm32f10x_sdio.o
 .text.SDIO_CmdStructInit
                0x00000000       0x30 ..\obj\stm32f10x_sdio.o
 .text.SDIO_GetCommandResponse
                0x00000000       0x18 ..\obj\stm32f10x_sdio.o
 .text.SDIO_GetResponse
                0x00000000       0x20 ..\obj\stm32f10x_sdio.o
 .text.SDIO_DataConfig
                0x00000000       0x5c ..\obj\stm32f10x_sdio.o
 .text.SDIO_DataStructInit
                0x00000000       0x38 ..\obj\stm32f10x_sdio.o
 .text.SDIO_GetDataCounter
                0x00000000       0x14 ..\obj\stm32f10x_sdio.o
 .text.SDIO_ReadData
                0x00000000       0x18 ..\obj\stm32f10x_sdio.o
 .text.SDIO_WriteData
                0x00000000       0x20 ..\obj\stm32f10x_sdio.o
 .text.SDIO_GetFIFOCount
                0x00000000       0x14 ..\obj\stm32f10x_sdio.o
 .text.SDIO_StartSDIOReadWait
                0x00000000       0x20 ..\obj\stm32f10x_sdio.o
 .text.SDIO_StopSDIOReadWait
                0x00000000       0x20 ..\obj\stm32f10x_sdio.o
 .text.SDIO_SetSDIOReadWaitMode
                0x00000000       0x1c ..\obj\stm32f10x_sdio.o
 .text.SDIO_SetSDIOOperation
                0x00000000       0x20 ..\obj\stm32f10x_sdio.o
 .text.SDIO_SendSDIOSuspendCmd
                0x00000000       0x20 ..\obj\stm32f10x_sdio.o
 .text.SDIO_CommandCompletionCmd
                0x00000000       0x20 ..\obj\stm32f10x_sdio.o
 .text.SDIO_CEATAITCmd
                0x00000000       0x2c ..\obj\stm32f10x_sdio.o
 .text.SDIO_SendCEATACmd
                0x00000000       0x20 ..\obj\stm32f10x_sdio.o
 .text.SDIO_GetFlagStatus
                0x00000000       0x34 ..\obj\stm32f10x_sdio.o
 .text.SDIO_ClearFlag
                0x00000000       0x1c ..\obj\stm32f10x_sdio.o
 .text.SDIO_GetITStatus
                0x00000000       0x34 ..\obj\stm32f10x_sdio.o
 .text.SDIO_ClearITPendingBit
                0x00000000       0x1c ..\obj\stm32f10x_sdio.o
 .debug_info    0x00000000      0x864 ..\obj\stm32f10x_sdio.o
 .debug_abbrev  0x00000000      0x1dd ..\obj\stm32f10x_sdio.o
 .debug_aranges
                0x00000000      0x108 ..\obj\stm32f10x_sdio.o
 .debug_ranges  0x00000000       0xf8 ..\obj\stm32f10x_sdio.o
 .debug_line    0x00000000      0x647 ..\obj\stm32f10x_sdio.o
 .debug_str     0x00000000      0x68c ..\obj\stm32f10x_sdio.o
 .comment       0x00000000       0x76 ..\obj\stm32f10x_sdio.o
 .debug_frame   0x00000000      0x490 ..\obj\stm32f10x_sdio.o
 .ARM.attributes
                0x00000000       0x2d ..\obj\stm32f10x_sdio.o
 .text          0x00000000        0x0 ..\obj\stm32f10x_dma.o
 .data          0x00000000        0x0 ..\obj\stm32f10x_dma.o
 .bss           0x00000000        0x0 ..\obj\stm32f10x_dma.o
 .text.DMA_DeInit
                0x00000000      0x17c ..\obj\stm32f10x_dma.o
 .text.DMA_ITConfig
                0x00000000       0x3a ..\obj\stm32f10x_dma.o
 .text.DMA_GetCurrDataCounter
                0x00000000       0x18 ..\obj\stm32f10x_dma.o
 .text.DMA_GetFlagStatus
                0x00000000       0x50 ..\obj\stm32f10x_dma.o
 .text.DMA_ClearFlag
                0x00000000       0x34 ..\obj\stm32f10x_dma.o
 .text.DMA_GetITStatus
                0x00000000       0x50 ..\obj\stm32f10x_dma.o
 .text.DMA_ClearITPendingBit
                0x00000000       0x34 ..\obj\stm32f10x_dma.o
 .text          0x00000000        0x0 ..\obj\misc.o
 .data          0x00000000        0x0 ..\obj\misc.o
 .bss           0x00000000        0x0 ..\obj\misc.o
 .text.NVIC_PriorityGroupConfig
                0x00000000       0x24 ..\obj\misc.o
 .text.NVIC_SetVectorTable
                0x00000000       0x2c ..\obj\misc.o
 .text.NVIC_SystemLPConfig
                0x00000000       0x40 ..\obj\misc.o
 .text.SysTick_CLKSourceConfig
                0x00000000       0x38 ..\obj\misc.o
 .text          0x00000000        0x0 ..\obj\stm32f10x_wwdg.o
 .data          0x00000000        0x0 ..\obj\stm32f10x_wwdg.o
 .bss           0x00000000        0x0 ..\obj\stm32f10x_wwdg.o
 .text.WWDG_DeInit
                0x00000000       0x1c ..\obj\stm32f10x_wwdg.o
 .text.WWDG_SetPrescaler
                0x00000000       0x34 ..\obj\stm32f10x_wwdg.o
 .text.WWDG_SetWindowValue
                0x00000000       0x38 ..\obj\stm32f10x_wwdg.o
 .text.WWDG_EnableIT
                0x00000000       0x18 ..\obj\stm32f10x_wwdg.o
 .text.WWDG_SetCounter
                0x00000000       0x24 ..\obj\stm32f10x_wwdg.o
 .text.WWDG_Enable
                0x00000000       0x24 ..\obj\stm32f10x_wwdg.o
 .text.WWDG_GetFlagStatus
                0x00000000       0x18 ..\obj\stm32f10x_wwdg.o
 .text.WWDG_ClearFlag
                0x00000000       0x18 ..\obj\stm32f10x_wwdg.o
 .debug_info    0x00000000      0x25e ..\obj\stm32f10x_wwdg.o
 .debug_abbrev  0x00000000      0x148 ..\obj\stm32f10x_wwdg.o
 .debug_aranges
                0x00000000       0x58 ..\obj\stm32f10x_wwdg.o
 .debug_ranges  0x00000000       0x48 ..\obj\stm32f10x_wwdg.o
 .debug_line    0x00000000      0x2b2 ..\obj\stm32f10x_wwdg.o
 .debug_str     0x00000000      0x2b9 ..\obj\stm32f10x_wwdg.o
 .comment       0x00000000       0x76 ..\obj\stm32f10x_wwdg.o
 .debug_frame   0x00000000      0x12c ..\obj\stm32f10x_wwdg.o
 .ARM.attributes
                0x00000000       0x2d ..\obj\stm32f10x_wwdg.o
 .text          0x00000000        0x0 ..\obj\stm32f10x_spi.o
 .data          0x00000000        0x0 ..\obj\stm32f10x_spi.o
 .bss           0x00000000        0x0 ..\obj\stm32f10x_spi.o
 .text.SPI_I2S_DeInit
                0x00000000       0x78 ..\obj\stm32f10x_spi.o
 .text.SPI_Init
                0x00000000       0x86 ..\obj\stm32f10x_spi.o
 .text.I2S_Init
                0x00000000      0x144 ..\obj\stm32f10x_spi.o
 .text.SPI_StructInit
                0x00000000       0x48 ..\obj\stm32f10x_spi.o
 .text.I2S_StructInit
                0x00000000       0x36 ..\obj\stm32f10x_spi.o
 .text.SPI_Cmd  0x00000000       0x3e ..\obj\stm32f10x_spi.o
 .text.I2S_Cmd  0x00000000       0x3e ..\obj\stm32f10x_spi.o
 .text.SPI_I2S_ITConfig
                0x00000000       0x60 ..\obj\stm32f10x_spi.o
 .text.SPI_I2S_DMACmd
                0x00000000       0x46 ..\obj\stm32f10x_spi.o
 .text.SPI_I2S_SendData
                0x00000000       0x1c ..\obj\stm32f10x_spi.o
 .text.SPI_I2S_ReceiveData
                0x00000000       0x18 ..\obj\stm32f10x_spi.o
 .text.SPI_NSSInternalSoftwareConfig
                0x00000000       0x42 ..\obj\stm32f10x_spi.o
 .text.SPI_SSOutputCmd
                0x00000000       0x3e ..\obj\stm32f10x_spi.o
 .text.SPI_DataSizeConfig
                0x00000000       0x36 ..\obj\stm32f10x_spi.o
 .text.SPI_TransmitCRC
                0x00000000       0x22 ..\obj\stm32f10x_spi.o
 .text.SPI_CalculateCRC
                0x00000000       0x3e ..\obj\stm32f10x_spi.o
 .text.SPI_GetCRC
                0x00000000       0x30 ..\obj\stm32f10x_spi.o
 .text.SPI_GetCRCPolynomial
                0x00000000       0x18 ..\obj\stm32f10x_spi.o
 .text.SPI_BiDirectionalLineConfig
                0x00000000       0x40 ..\obj\stm32f10x_spi.o
 .text.SPI_I2S_GetFlagStatus
                0x00000000       0x36 ..\obj\stm32f10x_spi.o
 .text.SPI_I2S_ClearFlag
                0x00000000       0x20 ..\obj\stm32f10x_spi.o
 .text.SPI_I2S_GetITStatus
                0x00000000       0x74 ..\obj\stm32f10x_spi.o
 .text.SPI_I2S_ClearITPendingBit
                0x00000000       0x32 ..\obj\stm32f10x_spi.o
 .debug_info    0x00000000      0x981 ..\obj\stm32f10x_spi.o
 .debug_abbrev  0x00000000      0x1d5 ..\obj\stm32f10x_spi.o
 .debug_aranges
                0x00000000       0xd0 ..\obj\stm32f10x_spi.o
 .debug_ranges  0x00000000       0xc0 ..\obj\stm32f10x_spi.o
 .debug_line    0x00000000      0x62a ..\obj\stm32f10x_spi.o
 .debug_str     0x00000000      0x64d ..\obj\stm32f10x_spi.o
 .comment       0x00000000       0x76 ..\obj\stm32f10x_spi.o
 .debug_frame   0x00000000      0x3a0 ..\obj\stm32f10x_spi.o
 .ARM.attributes
                0x00000000       0x2d ..\obj\stm32f10x_spi.o
 .text          0x00000000        0x0 ..\obj\stm32f10x_i2c.o
 .data          0x00000000        0x0 ..\obj\stm32f10x_i2c.o
 .bss           0x00000000        0x0 ..\obj\stm32f10x_i2c.o
 .text.I2C_DeInit
                0x00000000       0x58 ..\obj\stm32f10x_i2c.o
 .text.I2C_Init
                0x00000000      0x184 ..\obj\stm32f10x_i2c.o
 .text.I2C_StructInit
                0x00000000       0x3c ..\obj\stm32f10x_i2c.o
 .text.I2C_Cmd  0x00000000       0x3e ..\obj\stm32f10x_i2c.o
 .text.I2C_DMACmd
                0x00000000       0x3e ..\obj\stm32f10x_i2c.o
 .text.I2C_DMALastTransferCmd
                0x00000000       0x3e ..\obj\stm32f10x_i2c.o
 .text.I2C_GenerateSTART
                0x00000000       0x3e ..\obj\stm32f10x_i2c.o
 .text.I2C_GenerateSTOP
                0x00000000       0x3e ..\obj\stm32f10x_i2c.o
 .text.I2C_AcknowledgeConfig
                0x00000000       0x3e ..\obj\stm32f10x_i2c.o
 .text.I2C_OwnAddress2Config
                0x00000000       0x42 ..\obj\stm32f10x_i2c.o
 .text.I2C_DualAddressCmd
                0x00000000       0x3e ..\obj\stm32f10x_i2c.o
 .text.I2C_GeneralCallCmd
                0x00000000       0x3e ..\obj\stm32f10x_i2c.o
 .text.I2C_ITConfig
                0x00000000       0x46 ..\obj\stm32f10x_i2c.o
 .text.I2C_SendData
                0x00000000       0x1e ..\obj\stm32f10x_i2c.o
 .text.I2C_ReceiveData
                0x00000000       0x1a ..\obj\stm32f10x_i2c.o
 .text.I2C_Send7bitAddress
                0x00000000       0x3a ..\obj\stm32f10x_i2c.o
 .text.I2C_ReadRegister
                0x00000000       0x22 ..\obj\stm32f10x_i2c.o
 .text.I2C_SoftwareResetCmd
                0x00000000       0x42 ..\obj\stm32f10x_i2c.o
 .text.I2C_SMBusAlertConfig
                0x00000000       0x40 ..\obj\stm32f10x_i2c.o
 .text.I2C_TransmitPEC
                0x00000000       0x3e ..\obj\stm32f10x_i2c.o
 .text.I2C_PECPositionConfig
                0x00000000       0x40 ..\obj\stm32f10x_i2c.o
 .text.I2C_CalculatePEC
                0x00000000       0x3e ..\obj\stm32f10x_i2c.o
 .text.I2C_GetPEC
                0x00000000       0x1e ..\obj\stm32f10x_i2c.o
 .text.I2C_ARPCmd
                0x00000000       0x3e ..\obj\stm32f10x_i2c.o
 .text.I2C_StretchClockCmd
                0x00000000       0x3e ..\obj\stm32f10x_i2c.o
 .text.I2C_FastModeDutyCycleConfig
                0x00000000       0x40 ..\obj\stm32f10x_i2c.o
 .text.I2C_GetLastEvent
                0x00000000       0x42 ..\obj\stm32f10x_i2c.o
 .text.I2C_CheckEvent
                0x00000000       0x5a ..\obj\stm32f10x_i2c.o
 .text.I2C_GetFlagStatus
                0x00000000       0x66 ..\obj\stm32f10x_i2c.o
 .text.I2C_ClearFlag
                0x00000000       0x2c ..\obj\stm32f10x_i2c.o
 .text.I2C_GetITStatus
                0x00000000       0x58 ..\obj\stm32f10x_i2c.o
 .text.I2C_ClearITPendingBit
                0x00000000       0x2c ..\obj\stm32f10x_i2c.o
 .debug_info    0x00000000      0xb74 ..\obj\stm32f10x_i2c.o
 .debug_abbrev  0x00000000      0x1a8 ..\obj\stm32f10x_i2c.o
 .debug_aranges
                0x00000000      0x118 ..\obj\stm32f10x_i2c.o
 .debug_ranges  0x00000000      0x108 ..\obj\stm32f10x_i2c.o
 .debug_line    0x00000000      0x743 ..\obj\stm32f10x_i2c.o
 .debug_str     0x00000000      0x69a ..\obj\stm32f10x_i2c.o
 .comment       0x00000000       0x76 ..\obj\stm32f10x_i2c.o
 .debug_frame   0x00000000      0x508 ..\obj\stm32f10x_i2c.o
 .ARM.attributes
                0x00000000       0x2d ..\obj\stm32f10x_i2c.o
 .text          0x00000000        0x0 ..\obj\stm32f10x_bkp.o
 .data          0x00000000        0x0 ..\obj\stm32f10x_bkp.o
 .bss           0x00000000        0x0 ..\obj\stm32f10x_bkp.o
 .text.BKP_DeInit
                0x00000000       0x14 ..\obj\stm32f10x_bkp.o
 .text.BKP_TamperPinLevelConfig
                0x00000000       0x20 ..\obj\stm32f10x_bkp.o
 .text.BKP_TamperPinCmd
                0x00000000       0x20 ..\obj\stm32f10x_bkp.o
 .text.BKP_ITConfig
                0x00000000       0x20 ..\obj\stm32f10x_bkp.o
 .text.BKP_RTCOutputConfig
                0x00000000       0x38 ..\obj\stm32f10x_bkp.o
 .text.BKP_SetRTCCalibrationValue
                0x00000000       0x3c ..\obj\stm32f10x_bkp.o
 .text.BKP_WriteBackupRegister
                0x00000000       0x2a ..\obj\stm32f10x_bkp.o
 .text.BKP_ReadBackupRegister
                0x00000000       0x22 ..\obj\stm32f10x_bkp.o
 .text.BKP_GetFlagStatus
                0x00000000       0x18 ..\obj\stm32f10x_bkp.o
 .text.BKP_ClearFlag
                0x00000000       0x20 ..\obj\stm32f10x_bkp.o
 .text.BKP_GetITStatus
                0x00000000       0x18 ..\obj\stm32f10x_bkp.o
 .text.BKP_ClearITPendingBit
                0x00000000       0x20 ..\obj\stm32f10x_bkp.o
 .debug_info    0x00000000      0x80f ..\obj\stm32f10x_bkp.o
 .debug_abbrev  0x00000000      0x1a5 ..\obj\stm32f10x_bkp.o
 .debug_aranges
                0x00000000       0x78 ..\obj\stm32f10x_bkp.o
 .debug_ranges  0x00000000       0x68 ..\obj\stm32f10x_bkp.o
 .debug_line    0x00000000      0x314 ..\obj\stm32f10x_bkp.o
 .debug_str     0x00000000      0x611 ..\obj\stm32f10x_bkp.o
 .comment       0x00000000       0x76 ..\obj\stm32f10x_bkp.o
 .debug_frame   0x00000000      0x1c4 ..\obj\stm32f10x_bkp.o
 .ARM.attributes
                0x00000000       0x2d ..\obj\stm32f10x_bkp.o
 .text          0x00000000        0x0 ..\obj\stm32f10x_iwdg.o
 .data          0x00000000        0x0 ..\obj\stm32f10x_iwdg.o
 .bss           0x00000000        0x0 ..\obj\stm32f10x_iwdg.o
 .text.IWDG_WriteAccessCmd
                0x00000000       0x20 ..\obj\stm32f10x_iwdg.o
 .text.IWDG_SetPrescaler
                0x00000000       0x20 ..\obj\stm32f10x_iwdg.o
 .text.IWDG_SetReload
                0x00000000       0x20 ..\obj\stm32f10x_iwdg.o
 .text.IWDG_ReloadCounter
                0x00000000       0x18 ..\obj\stm32f10x_iwdg.o
 .text.IWDG_Enable
                0x00000000       0x18 ..\obj\stm32f10x_iwdg.o
 .text.IWDG_GetFlagStatus
                0x00000000       0x34 ..\obj\stm32f10x_iwdg.o
 .debug_info    0x00000000      0x230 ..\obj\stm32f10x_iwdg.o
 .debug_abbrev  0x00000000      0x14a ..\obj\stm32f10x_iwdg.o
 .debug_aranges
                0x00000000       0x48 ..\obj\stm32f10x_iwdg.o
 .debug_ranges  0x00000000       0x38 ..\obj\stm32f10x_iwdg.o
 .debug_line    0x00000000      0x269 ..\obj\stm32f10x_iwdg.o
 .debug_str     0x00000000      0x2b8 ..\obj\stm32f10x_iwdg.o
 .comment       0x00000000       0x76 ..\obj\stm32f10x_iwdg.o
 .debug_frame   0x00000000       0xf0 ..\obj\stm32f10x_iwdg.o
 .ARM.attributes
                0x00000000       0x2d ..\obj\stm32f10x_iwdg.o

Memory Configuration

Name             Origin             Length             Attributes
rom              0x08000000         0x00010000         xr
ram              0x20000000         0x00005000         xrw
*default*        0x00000000         0xffffffff

Linker script and memory map

                0x20005000                _eram = 0x20005000

.text           0x08000000     0x1941
 *(.isr_vector)
 .isr_vector    0x08000000      0x10c ..\obj\startup_stm32f10x_md.o
                0x08000000                g_pfnVectors
 *(.text*)
 .text.delay_us
                0x0800010c       0x32 ..\obj\delay.o
                0x0800010c                delay_us
 .text.delay_ms
                0x0800013e       0x24 ..\obj\delay.o
                0x0800013e                delay_ms
 *fill*         0x08000162        0x2 
 .text.TIM_TimeBaseInit
                0x08000164       0x7c ..\obj\stm32f10x_tim.o
                0x08000164                TIM_TimeBaseInit
 .text.TIM_OC3Init
                0x080001e0      0x110 ..\obj\stm32f10x_tim.o
                0x080001e0                TIM_OC3Init
 .text.TIM_Cmd  0x080002f0       0x40 ..\obj\stm32f10x_tim.o
                0x080002f0                TIM_Cmd
 .text.TIM_DMACmd
                0x08000330       0x46 ..\obj\stm32f10x_tim.o
                0x08000330                TIM_DMACmd
 .text.TIM_ARRPreloadConfig
                0x08000376       0x40 ..\obj\stm32f10x_tim.o
                0x08000376                TIM_ARRPreloadConfig
 .text.TIM_OC3PreloadConfig
                0x080003b6       0x36 ..\obj\stm32f10x_tim.o
                0x080003b6                TIM_OC3PreloadConfig
 .text.TIM_SetCounter
                0x080003ec       0x1c ..\obj\stm32f10x_tim.o
                0x080003ec                TIM_SetCounter
 .text.GPIO_init
                0x08000408       0x34 ..\obj\ws2812.o
                0x08000408                GPIO_init
 .text.Timer4_init
                0x0800043c       0x80 ..\obj\ws2812.o
                0x0800043c                Timer4_init
 .text.DMA1_Stream7_Mem_to_TMR4_init
                0x080004bc       0x78 ..\obj\ws2812.o
                0x080004bc                DMA1_Stream7_Mem_to_TMR4_init
 .text.ws2812_buff_init
                0x08000534       0xb4 ..\obj\ws2812.o
                0x08000534                ws2812_buff_init
 .text.ws2812_init
                0x080005e8       0x18 ..\obj\ws2812.o
                0x080005e8                ws2812_init
 .text.ws2812_set_color
                0x08000600       0x54 ..\obj\ws2812.o
                0x08000600                ws2812_set_color
 .text.ws2812_fade_out_all
                0x08000654       0x58 ..\obj\ws2812.o
                0x08000654                ws2812_fade_out_all
 .text.ws2812_all_off
                0x080006ac       0x30 ..\obj\ws2812.o
                0x080006ac                ws2812_all_off
 .text.ws2812_update
                0x080006dc       0x94 ..\obj\ws2812.o
                0x080006dc                ws2812_update
 .text.SystemInit
                0x08000770       0x68 ..\obj\system_stm32f10x.o
                0x08000770                SystemInit
 .text.SetSysClock
                0x080007d8        0xc ..\obj\system_stm32f10x.o
 .text.SetSysClockTo72
                0x080007e4      0x100 ..\obj\system_stm32f10x.o
 .text.Default_Reset_Handler
                0x080008e4       0x60 ..\obj\startup_stm32f10x_md.o
                0x080008e4                Default_Reset_Handler
                0x080008e4                Reset_Handler
 .text.Default_Handler
                0x08000944        0x6 ..\obj\startup_stm32f10x_md.o
                0x08000944                EXTI2_IRQHandler
                0x08000944                DebugMon_Handler
                0x08000944                TIM1_CC_IRQHandler
                0x08000944                HardFault_Handler
                0x08000944                SysTick_Handler
                0x08000944                PVD_IRQHandler
                0x08000944                PendSV_Handler
                0x08000944                NMI_Handler
                0x08000944                EXTI3_IRQHandler
                0x08000944                EXTI0_IRQHandler
                0x08000944                I2C2_EV_IRQHandler
                0x08000944                UsageFault_Handler
                0x08000944                ADC1_2_IRQHandler
                0x08000944                SPI1_IRQHandler
                0x08000944                TAMPER_IRQHandler
                0x08000944                DMA1_Channel4_IRQHandler
                0x08000944                USART3_IRQHandler
                0x08000944                RTC_IRQHandler
                0x08000944                DMA1_Channel7_IRQHandler
                0x08000944                CAN1_RX1_IRQHandler
                0x08000944                TIM4_IRQHandler
                0x08000944                I2C1_EV_IRQHandler
                0x08000944                DMA1_Channel6_IRQHandler
                0x08000944                TIM3_IRQHandler
                0x08000944                RCC_IRQHandler
                0x08000944                TIM1_TRG_COM_IRQHandler
                0x08000944                DMA1_Channel1_IRQHandler
                0x08000944                EXTI15_10_IRQHandler
                0x08000944                EXTI9_5_IRQHandler
                0x08000944                SPI2_IRQHandler
                0x08000944                MemManage_Handler
                0x08000944                SVC_Handler
                0x08000944                DMA1_Channel5_IRQHandler
                0x08000944                EXTI4_IRQHandler
                0x08000944                USB_LP_CAN1_RX0_IRQHandler
                0x08000944                USB_HP_CAN1_TX_IRQHandler
                0x08000944                DMA1_Channel3_IRQHandler
                0x08000944                TIM1_UP_IRQHandler
                0x08000944                WWDG_IRQHandler
                0x08000944                TIM2_IRQHandler
                0x08000944                TIM1_BRK_IRQHandler
                0x08000944                EXTI1_IRQHandler
                0x08000944                RTCAlarm_IRQHandler
                0x08000944                USART2_IRQHandler
                0x08000944                I2C2_ER_IRQHandler
                0x08000944                DMA1_Channel2_IRQHandler
                0x08000944                CAN1_SCE_IRQHandler
                0x08000944                FLASH_IRQHandler
                0x08000944                BusFault_Handler
                0x08000944                I2C1_ER_IRQHandler
                0x08000944                USBWakeUp_IRQHandler
 .text.GPIO_Init
                0x0800094a      0x178 ..\obj\stm32f10x_gpio.o
                0x0800094a                GPIO_Init
 *fill*         0x08000ac2        0x2 
 .text.main     0x08000ac4       0x38 ..\obj\main.o
                0x08000ac4                main
 .text.ledstr   0x08000afc       0x6c ..\obj\main.o
                0x08000afc                ledstr
 .text.USART1_IRQHandler
                0x08000b68      0x110 ..\obj\main.o
                0x08000b68                USART1_IRQHandler
 .text.usart_rxtx
                0x08000c78       0x54 ..\obj\main.o
                0x08000c78                usart_rxtx
 .text.GPIO_Configuration
                0x08000ccc       0x58 ..\obj\main.o
                0x08000ccc                GPIO_Configuration
 .text.USART_Configuration
                0x08000d24       0x40 ..\obj\main.o
                0x08000d24                USART_Configuration
 .text.NVIC_Configuration
                0x08000d64       0x26 ..\obj\main.o
                0x08000d64                NVIC_Configuration
 *fill*         0x08000d8a        0x2 
 .text.UARTSend
                0x08000d8c       0x44 ..\obj\main.o
                0x08000d8c                UARTSend
 .text.RCC_GetClocksFreq
                0x08000dd0      0x164 ..\obj\stm32f10x_rcc.o
                0x08000dd0                RCC_GetClocksFreq
 .text.RCC_AHBPeriphClockCmd
                0x08000f34       0x3c ..\obj\stm32f10x_rcc.o
                0x08000f34                RCC_AHBPeriphClockCmd
 .text.RCC_APB2PeriphClockCmd
                0x08000f70       0x3c ..\obj\stm32f10x_rcc.o
                0x08000f70                RCC_APB2PeriphClockCmd
 .text.RCC_APB1PeriphClockCmd
                0x08000fac       0x3c ..\obj\stm32f10x_rcc.o
                0x08000fac                RCC_APB1PeriphClockCmd
 .text.USART_Init
                0x08000fe8      0x128 ..\obj\stm32f10x_usart.o
                0x08000fe8                USART_Init
 .text.USART_Cmd
                0x08001110       0x3e ..\obj\stm32f10x_usart.o
                0x08001110                USART_Cmd
 .text.USART_ITConfig
                0x0800114e       0x90 ..\obj\stm32f10x_usart.o
                0x0800114e                USART_ITConfig
 .text.USART_SendData
                0x080011de       0x22 ..\obj\stm32f10x_usart.o
                0x080011de                USART_SendData
 .text.USART_ReceiveData
                0x08001200       0x1e ..\obj\stm32f10x_usart.o
                0x08001200                USART_ReceiveData
 .text.USART_GetFlagStatus
                0x0800121e       0x36 ..\obj\stm32f10x_usart.o
                0x0800121e                USART_GetFlagStatus
 .text.StepChange
                0x08001254       0x74 ..\obj\led_examples.o
                0x08001254                StepChange
 .text.StepChangeColor
                0x080012c8       0x42 ..\obj\led_examples.o
                0x080012c8                StepChangeColor
 *fill*         0x0800130a        0x2 
 .text.led_effect_start
                0x0800130c       0xe0 ..\obj\led_examples.o
                0x0800130c                led_effect_start
 .text.led_effect_tick
                0x080013ec      0x358 ..\obj\led_examples.o
                0x080013ec                led_effect_tick
 .text.DMA_Init
                0x08001744       0x7c ..\obj\stm32f10x_dma.o
                0x08001744                DMA_Init
 .text.DMA_StructInit
                0x080017c0       0x54 ..\obj\stm32f10x_dma.o
                0x080017c0                DMA_StructInit
 .text.DMA_Cmd  0x08001814       0x36 ..\obj\stm32f10x_dma.o
                0x08001814                DMA_Cmd
 *fill*         0x0800184a        0x2 
 .text.NVIC_Init
                0x0800184c       0xc4 ..\obj\misc.o
                0x0800184c                NVIC_Init
 *(.init)
 *(.fini)
 *crtbegin.o(.ctors)
 *crtbegin?.o(.ctors)
 *(EXCLUDE_FILE(*crtend.o *crtend?.o) .ctors)
 *(SORT_BY_NAME(.ctors.*))
 *(.ctors)
 *crtbegin.o(.dtors)
 *crtbegin?.o(.dtors)
 *(EXCLUDE_FILE(*crtend.o *crtend?.o) .dtors)
 *(SORT_BY_NAME(.dtors.*))
 *(.dtors)
 *(.rodata*)
 .rodata        0x08001910       0x19 ..\obj\main.o
 *fill*         0x08001929        0x3 
 .rodata        0x0800192c       0x15 ..\obj\led_examples.o
                0x0800192c                RainbowColors
 *(.eh_fram e*)

.glue_7         0x08001944        0x0
 .glue_7        0x08001944        0x0 linker stubs

.glue_7t        0x08001944        0x0
 .glue_7t       0x08001944        0x0 linker stubs

.vfp11_veneer   0x08001944        0x0
 .vfp11_veneer  0x08001944        0x0 linker stubs

.v4_bx          0x08001944        0x0
 .v4_bx         0x08001944        0x0 linker stubs

.iplt           0x08001944        0x0
 .iplt          0x08001944        0x0 ..\obj\delay.o

.rel.dyn        0x08001944        0x0
 .rel.iplt      0x08001944        0x0 ..\obj\delay.o

.ARM.extab
 *(.ARM.extab* .gnu.linkonce.armextab.*)
                0x08001944                __exidx_start = .

.ARM.exidx
 *(.ARM.exidx* .gnu.linkonce.armexidx.*)
                0x08001944                __exidx_end = .
                0x08001944                __etext = .
                0x08001941                _sidata = __etext

.data           0x20000000       0x18 load address 0x08001941
                0x20000000                __data_start__ = .
                0x20000000                _sdata = __data_start__
 *(vtable)
 *(.data*)
 .data          0x20000000        0x1 ..\obj\main.o
                0x20000000                EffectNum
 *fill*         0x20000001        0x3 
 .data          0x20000004       0x14 ..\obj\stm32f10x_rcc.o
                0x20000018                . = ALIGN (0x4)
                [!provide]                PROVIDE (__preinit_array_start = .)
 *(.preinit_array)
                [!provide]                PROVIDE (__preinit_array_end = .)
                0x20000018                . = ALIGN (0x4)
                [!provide]                PROVIDE (__init_array_start = .)
 *(SORT_BY_NAME(.init_array.*))
 *(.init_array)
                [!provide]                PROVIDE (__init_array_end = .)
                0x20000018                . = ALIGN (0x4)
                [!provide]                PROVIDE (__fini_array_start = .)
 *(SORT_BY_NAME(.fini_array.*))
 *(.fini_array)
                [!provide]                PROVIDE (__fini_array_end = .)
 *(.jcr*)
                0x20000018                . = ALIGN (0x4)
                0x20000018                __data_end__ = .
                0x20000018                _edata = __data_end__

.igot.plt       0x20000018        0x0 load address 0x0800195c
 .igot.plt      0x20000018        0x0 ..\obj\delay.o

.bss            0x20000018     0x185c load address 0x0800195c
                0x20000018                . = ALIGN (0x4)
                0x20000018                __bss_start__ = .
                0x20000018                _sbss = __bss_start__
 *(.bss*)
 .bss           0x20000018        0x8 ..\obj\main.o
                0x20000018                btflag
                0x2000001c                btbuf
 *(COMMON)
 COMMON         0x20000020     0x1848 ..\obj\ws2812.o
                0x20000020                ws2812_buff
                0x20000188                DMA_buf
 COMMON         0x20001868        0x4 ..\obj\main.o
                0x20001868                i
 COMMON         0x2000186c        0x6 ..\obj\led_examples.o
                0x2000186c                AlgStep
                0x2000186e                AlgStep3
                0x20001870                AlgStep2
                0x20001874                . = ALIGN (0x4)
 *fill*         0x20001872        0x2 
                0x20001874                __bss_end__ = .
                0x20001874                _ebss = __bss_end__

.heap           0x20001874        0x0
                0x20001874                __end__ = .
                0x20001874                _end = __end__
                0x20001874                end = __end__
 *(.heap*)
                0x20001874                __HeapLimit = .

.co_stack       0x20001874      0x404 load address 0x080031b8
                0x20001878                . = ALIGN (0x8)
 *fill*         0x20001874        0x4 
 *(.co_stack .co_stack.*)
 .co_stack      0x20001878      0x400 ..\obj\startup_stm32f10x_md.o
                0x20001878                pulStack
                0x20005000                __StackTop = (ORIGIN (ram) + LENGTH (ram))
                0x20004bfc                __StackLimit = (__StackTop - SIZEOF (.co_stack))
                [!provide]                PROVIDE (__stack = __StackTop)
                0x00000001                ASSERT ((__StackLimit >= __HeapLimit), region ram  overflowed with stack)
LOAD ..\obj\stm32f10x_rtc.o
LOAD ..\obj\delay.o
LOAD ..\obj\stm32f10x_tim.o
LOAD ..\obj\ws2812.o
LOAD ..\obj\stm32f10x_dbgmcu.o
LOAD ..\obj\system_stm32f10x.o
LOAD ..\obj\stm32f10x_fsmc.o
LOAD ..\obj\stm32f10x_pwr.o
LOAD ..\obj\startup_stm32f10x_md.o
LOAD ..\obj\stm32f10x_can.o
LOAD ..\obj\stm32f10x_gpio.o
LOAD ..\obj\stm32f10x_dac.o
LOAD ..\obj\main.o
LOAD ..\obj\stm32f10x_crc.o
LOAD ..\obj\stm32f10x_rcc.o
LOAD ..\obj\stm32f10x_exti.o
LOAD ..\obj\stm32f10x_adc.o
LOAD ..\obj\stm32f10x_usart.o
LOAD ..\obj\led_examples.o
LOAD ..\obj\main2.o
LOAD ..\obj\stm32f10x_flash.o
LOAD ..\obj\stm32f10x_sdio.o
LOAD ..\obj\stm32f10x_dma.o
LOAD ..\obj\misc.o
LOAD ..\obj\stm32f10x_wwdg.o
LOAD ..\obj\stm32f10x_spi.o
LOAD ..\obj\stm32f10x_i2c.o
LOAD ..\obj\stm32f10x_bkp.o
LOAD ..\obj\stm32f10x_iwdg.o
START GROUP
LOAD c:/program files (x86)/gnu tools arm embedded/8 2018-q4-major/bin/../lib/gcc/arm-none-eabi/8.2.1/thumb/v7-m/nofp\libgcc.a
LOAD c:/program files (x86)/gnu tools arm embedded/8 2018-q4-major/bin/../lib/gcc/arm-none-eabi/8.2.1/../../../../arm-none-eabi/lib/thumb/v7-m/nofp\libg.a
LOAD c:/program files (x86)/gnu tools arm embedded/8 2018-q4-major/bin/../lib/gcc/arm-none-eabi/8.2.1/../../../../arm-none-eabi/lib/thumb/v7-m/nofp\libc.a
END GROUP
OUTPUT(newprob.elf elf32-littlearm)

.debug_info     0x00000000     0x6366
 .debug_info    0x00000000       0x82 ..\obj\delay.o
 .debug_info    0x00000082     0x1dcf ..\obj\stm32f10x_tim.o
 .debug_info    0x00001e51      0x8b8 ..\obj\ws2812.o
 .debug_info    0x00002709      0x4e5 ..\obj\system_stm32f10x.o
 .debug_info    0x00002bee      0x11b ..\obj\startup_stm32f10x_md.o
 .debug_info    0x00002d09      0x730 ..\obj\stm32f10x_gpio.o
 .debug_info    0x00003439      0xfd1 ..\obj\main.o
 .debug_info    0x0000440a      0x923 ..\obj\stm32f10x_rcc.o
 .debug_info    0x00004d2d      0xa12 ..\obj\stm32f10x_usart.o
 .debug_info    0x0000573f      0x20a ..\obj\led_examples.o
 .debug_info    0x00005949      0x48b ..\obj\stm32f10x_dma.o
 .debug_info    0x00005dd4      0x592 ..\obj\misc.o

.debug_abbrev   0x00000000     0x1440
 .debug_abbrev  0x00000000       0x77 ..\obj\delay.o
 .debug_abbrev  0x00000077      0x1de ..\obj\stm32f10x_tim.o
 .debug_abbrev  0x00000255      0x1f0 ..\obj\ws2812.o
 .debug_abbrev  0x00000445      0x190 ..\obj\system_stm32f10x.o
 .debug_abbrev  0x000005d5       0xc4 ..\obj\startup_stm32f10x_md.o
 .debug_abbrev  0x00000699      0x200 ..\obj\stm32f10x_gpio.o
 .debug_abbrev  0x00000899      0x352 ..\obj\main.o
 .debug_abbrev  0x00000beb      0x226 ..\obj\stm32f10x_rcc.o
 .debug_abbrev  0x00000e11      0x1c4 ..\obj\stm32f10x_usart.o
 .debug_abbrev  0x00000fd5      0x12d ..\obj\led_examples.o
 .debug_abbrev  0x00001102      0x1a8 ..\obj\stm32f10x_dma.o
 .debug_abbrev  0x000012aa      0x196 ..\obj\misc.o

.debug_aranges  0x00000000      0x7c0
 .debug_aranges
                0x00000000       0x28 ..\obj\delay.o
 .debug_aranges
                0x00000028      0x2f0 ..\obj\stm32f10x_tim.o
 .debug_aranges
                0x00000318       0x68 ..\obj\ws2812.o
 .debug_aranges
                0x00000380       0x38 ..\obj\system_stm32f10x.o
 .debug_aranges
                0x000003b8       0x28 ..\obj\startup_stm32f10x_md.o
 .debug_aranges
                0x000003e0       0xa0 ..\obj\stm32f10x_gpio.o
 .debug_aranges
                0x00000480       0x58 ..\obj\main.o
 .debug_aranges
                0x000004d8      0x118 ..\obj\stm32f10x_rcc.o
 .debug_aranges
                0x000005f0       0xf0 ..\obj\stm32f10x_usart.o
 .debug_aranges
                0x000006e0       0x38 ..\obj\led_examples.o
 .debug_aranges
                0x00000718       0x68 ..\obj\stm32f10x_dma.o
 .debug_aranges
                0x00000780       0x40 ..\obj\misc.o

.debug_ranges   0x00000000      0x700
 .debug_ranges  0x00000000       0x18 ..\obj\delay.o
 .debug_ranges  0x00000018      0x2e0 ..\obj\stm32f10x_tim.o
 .debug_ranges  0x000002f8       0x58 ..\obj\ws2812.o
 .debug_ranges  0x00000350       0x28 ..\obj\system_stm32f10x.o
 .debug_ranges  0x00000378       0x18 ..\obj\startup_stm32f10x_md.o
 .debug_ranges  0x00000390       0x90 ..\obj\stm32f10x_gpio.o
 .debug_ranges  0x00000420       0x48 ..\obj\main.o
 .debug_ranges  0x00000468      0x108 ..\obj\stm32f10x_rcc.o
 .debug_ranges  0x00000570       0xe0 ..\obj\stm32f10x_usart.o
 .debug_ranges  0x00000650       0x28 ..\obj\led_examples.o
 .debug_ranges  0x00000678       0x58 ..\obj\stm32f10x_dma.o
 .debug_ranges  0x000006d0       0x30 ..\obj\misc.o

.debug_line     0x00000000     0x3d3a
 .debug_line    0x00000000       0x92 ..\obj\delay.o
 .debug_line    0x00000092     0x1115 ..\obj\stm32f10x_tim.o
 .debug_line    0x000011a7      0x4b9 ..\obj\ws2812.o
 .debug_line    0x00001660      0x30c ..\obj\system_stm32f10x.o
 .debug_line    0x0000196c       0xb4 ..\obj\startup_stm32f10x_md.o
 .debug_line    0x00001a20      0x58d ..\obj\stm32f10x_gpio.o
 .debug_line    0x00001fad      0x539 ..\obj\main.o
 .debug_line    0x000024e6      0x780 ..\obj\stm32f10x_rcc.o
 .debug_line    0x00002c66      0x6b4 ..\obj\stm32f10x_usart.o
 .debug_line    0x0000331a      0x2b4 ..\obj\led_examples.o
 .debug_line    0x000035ce      0x46f ..\obj\stm32f10x_dma.o
 .debug_line    0x00003a3d      0x2fd ..\obj\misc.o

.debug_str      0x00000000     0x2837
 .debug_str     0x00000000       0xfb ..\obj\delay.o
                                0x10d (size before relaxing)
 .debug_str     0x000000fb      0xcb1 ..\obj\stm32f10x_tim.o
                                0xe34 (size before relaxing)
 .debug_str     0x00000dac      0x31d ..\obj\ws2812.o
                                0x6ee (size before relaxing)
 .debug_str     0x000010c9      0x158 ..\obj\system_stm32f10x.o
                                0x328 (size before relaxing)
 .debug_str     0x00001221       0xb8 ..\obj\startup_stm32f10x_md.o
                                0x197 (size before relaxing)
 .debug_str     0x000012d9      0x229 ..\obj\stm32f10x_gpio.o
                                0x53f (size before relaxing)
 .debug_str     0x00001502      0x894 ..\obj\main.o
                                0xc16 (size before relaxing)
 .debug_str     0x00001d96      0x3f1 ..\obj\stm32f10x_rcc.o
                                0x676 (size before relaxing)
 .debug_str     0x00002187      0x385 ..\obj\stm32f10x_usart.o
                                0x6bf (size before relaxing)
 .debug_str     0x0000250c       0xbb ..\obj\led_examples.o
                                0x1d0 (size before relaxing)
 .debug_str     0x000025c7      0x10e ..\obj\stm32f10x_dma.o
                                0x3e8 (size before relaxing)
 .debug_str     0x000026d5      0x162 ..\obj\misc.o
                                0x41a (size before relaxing)

.comment        0x00000000       0x75
 .comment       0x00000000       0x75 ..\obj\delay.o
                                 0x76 (size before relaxing)
 .comment       0x00000075       0x76 ..\obj\stm32f10x_tim.o
 .comment       0x00000075       0x76 ..\obj\ws2812.o
 .comment       0x00000075       0x76 ..\obj\system_stm32f10x.o
 .comment       0x00000075       0x76 ..\obj\startup_stm32f10x_md.o
 .comment       0x00000075       0x76 ..\obj\stm32f10x_gpio.o
 .comment       0x00000075       0x76 ..\obj\main.o
 .comment       0x00000075       0x76 ..\obj\stm32f10x_rcc.o
 .comment       0x00000075       0x76 ..\obj\stm32f10x_usart.o
 .comment       0x00000075       0x76 ..\obj\led_examples.o
 .comment       0x00000075       0x76 ..\obj\stm32f10x_dma.o
 .comment       0x00000075       0x76 ..\obj\misc.o

.ARM.attributes
                0x00000000       0x2d
 .ARM.attributes
                0x00000000       0x2d ..\obj\delay.o
 .ARM.attributes
                0x0000002d       0x2d ..\obj\stm32f10x_tim.o
 .ARM.attributes
                0x0000005a       0x2d ..\obj\ws2812.o
 .ARM.attributes
                0x00000087       0x2d ..\obj\system_stm32f10x.o
 .ARM.attributes
                0x000000b4       0x2d ..\obj\startup_stm32f10x_md.o
 .ARM.attributes
                0x000000e1       0x2d ..\obj\stm32f10x_gpio.o
 .ARM.attributes
                0x0000010e       0x2d ..\obj\main.o
 .ARM.attributes
                0x0000013b       0x2d ..\obj\stm32f10x_rcc.o
 .ARM.attributes
                0x00000168       0x2d ..\obj\stm32f10x_usart.o
 .ARM.attributes
                0x00000195       0x2d ..\obj\led_examples.o
 .ARM.attributes
                0x000001c2       0x2d ..\obj\stm32f10x_dma.o
 .ARM.attributes
                0x000001ef       0x2d ..\obj\misc.o

.debug_frame    0x00000000     0x2114
 .debug_frame   0x00000000       0x5c ..\obj\delay.o
 .debug_frame   0x0000005c      0xe2c ..\obj\stm32f10x_tim.o
 .debug_frame   0x00000e88      0x188 ..\obj\ws2812.o
 .debug_frame   0x00001010       0x98 ..\obj\system_stm32f10x.o
 .debug_frame   0x000010a8       0x4c ..\obj\startup_stm32f10x_md.o
 .debug_frame   0x000010f4      0x2a8 ..\obj\stm32f10x_gpio.o
 .debug_frame   0x0000139c      0x124 ..\obj\main.o
 .debug_frame   0x000014c0      0x4f4 ..\obj\stm32f10x_rcc.o
 .debug_frame   0x000019b4      0x440 ..\obj\stm32f10x_usart.o
 .debug_frame   0x00001df4       0xa8 ..\obj\led_examples.o
 .debug_frame   0x00001e9c      0x1a0 ..\obj\stm32f10x_dma.o
 .debug_frame   0x0000203c       0xd8 ..\obj\misc.o
